Generating LALR tables
WARNING: 1 shift/reduce conflict
